abc124
中文
<%
\<%
\\<%
${
\${
\\${
%>
}
var a,b,c;
function
