Hello Cache with Args
Hello Cache with Args
Hello Cache with Args
Hello Cache with Args
Hello Cache with Args
Hello Cache with Args
Hello Cache with Args
Hello Cache with Args
