Hello Cache-0
Hello Cache-0
Hello Cache-1
Hello Cache-1
